app/components/PortfolioForm.tsx(46,5): error TS2322: Type 'Resolver<{ fullName: string; objective: string; email: string; linkedin: string; github: string; skills: string; achievements: string; certifications: string; education: { collegeName: string; degree: string; branch: string; cgpa: string; yearOfStudy: string; }[]; projects: { ...; }[]; }, any, { ...; }>' is not assignable to type 'Resolver<FormData, any, FormData>'.
  Types of parameters 'options' and 'options' are incompatible.
    Type 'ResolverOptions<FormData>' is not assignable to type 'ResolverOptions<{ fullName: string; objective: string; email: string; linkedin: string; github: string; skills: string; achievements: string; certifications: string; education: { collegeName: string; degree: string; branch: string; cgpa: string; yearOfStudy: string; }[]; projects: { ...; }[]; }>'.
      Type 'Project[]' is not assignable to type '{ title: string; description: string; technologies: string; githubLink: string; }[]'.
        Type 'Project' is not assignable to type '{ title: string; description: string; technologies: string; githubLink: string; }'.
          Property 'githubLink' is optional in type 'Project' but required in type '{ title: string; description: string; technologies: string; githubLink: string; }'.
